// Jest Snapshot v1, https://goo.gl/fbAQLP

exports[`Homescreen snapshot renders the homes screen 1`] = `
<View>
  <View
    style={
      Array [
        Object {
          "backgroundColor": "#476DC5",
          "borderBottomColor": "#f2f2f2",
          "borderBottomWidth": 1,
          "height": 70,
          "padding": 15,
        },
        Object {
          "backgroundColor": "#fff",
        },
        Object {
          "backgroundColor": "#425b84",
          "borderBottomColor": "#999",
          "borderBottomWidth": 1,
        },
      ]
    }
  >
    <View
      style={
        Array [
          Object {
            "alignItems": "flex-end",
            "flex": 1,
            "flexDirection": "row",
            "justifyContent": "space-between",
          },
          undefined,
        ]
      }
    >
      <View
        style={
          Object {
            "height": 24,
            "width": 24,
          }
        }
      />
      <Text
        accessible={true}
        allowFontScaling={true}
        ellipsizeMode="tail"
        numberOfLines={1}
        style={
          Array [
            Object {},
            undefined,
            undefined,
            undefined,
            undefined,
            undefined,
            undefined,
            undefined,
            undefined,
            undefined,
            Object {
              "color": "#ffffff",
              "fontSize": 25,
              "fontVariant": Array [
                "small-caps",
              ],
              "fontWeight": "900",
            },
          ]
        }
      >
        STE reactive
      </Text>
      <View
        style={
          Object {
            "height": 24,
            "width": 24,
          }
        }
      />
    </View>
  </View>
</View>
`;
