// Jest Snapshot v1, https://goo.gl/fbAQLP

exports[`renders 1`] = `
<View
  style={
    Object {
      "alignItems": "center",
      "backgroundColor": "#ffffff",
      "flex": 1,
      "flexDirection": "column",
      "height": "100%",
      "justifyContent": "space-between",
      "width": "100%",
    }
  }
>
  <Image
    source={1}
    style={
      Array [
        Object {
          "bottom": 0,
          "left": 0,
          "position": "absolute",
          "right": 0,
          "top": 0,
        },
        Object {
          "height": "100%",
          "width": "100%",
        },
        undefined,
      ]
    }
  />
  <View>
    <View
      style={
        Object {
          "backgroundColor": "#5F7C80",
          "borderRadius": 10,
          "borderWidth": 0,
          "height": 75,
          "margin": 8,
          "marginTop": 40,
          "width": "95%",
        }
      }
    >
      <Modal
        animationType="slide"
        hardwareAccelerated={false}
        onRequestClose={[Function]}
        presentationStyle="formSheet"
        transparent={false}
        visible={false}
      >
        <View
          style={
            Object {
              "alignItems": "center",
              "backgroundColor": "#ffffff",
              "flex": 1,
              "flexDirection": "column",
              "height": "100%",
              "justifyContent": "space-between",
              "width": "100%",
            }
          }
        >
          <Text
            accessible={true}
            allowFontScaling={true}
            ellipsizeMode="tail"
          >
            appointment info here
          </Text>
          <View
            accessible={true}
            isTVSelectable={true}
            onResponderGrant={[Function]}
            onResponderMove={[Function]}
            onResponderRelease={[Function]}
            onResponderTerminate={[Function]}
            onResponderTerminationRequest={[Function]}
            onStartShouldSetResponder={[Function]}
            style={
              Object {
                "alignItems": "center",
                "backgroundColor": "#cc0000",
                "borderRadius": 5,
                "borderWidth": 0,
                "bottom": 50,
                "height": 50,
                "justifyContent": "center",
                "margin": 10,
                "position": "absolute",
                "width": 200,
              }
            }
          >
            <Text
              accessible={true}
              allowFontScaling={true}
              ellipsizeMode="tail"
              style={
                Object {
                  "color": "#ffffff",
                  "fontSize": 18,
                }
              }
            >
              Close
            </Text>
          </View>
        </View>
      </Modal>
      <View
        accessible={true}
        isTVSelectable={true}
        onResponderGrant={[Function]}
        onResponderMove={[Function]}
        onResponderRelease={[Function]}
        onResponderTerminate={[Function]}
        onResponderTerminationRequest={[Function]}
        onStartShouldSetResponder={[Function]}
        style={null}
      >
        <View
          style={
            Object {
              "flexDirection": "row",
            }
          }
        >
          <View
            style={
              Array [
                Object {
                  "margin": 7,
                },
                Object {
                  "borderRadius": 28,
                  "height": 52,
                  "width": 52,
                },
                false,
                Object {
                  "alignItems": "center",
                  "backgroundColor": "#5F7C80",
                  "justifyContent": "center",
                },
                undefined,
              ]
            }
            underlayColor="#5F7C80"
          >
            <Text
              accessible={true}
              allowFontScaling={false}
              ellipsizeMode="tail"
              style={
                Array [
                  Object {
                    "color": "white",
                    "fontSize": 24,
                  },
                  Array [
                    Object {
                      "backgroundColor": "transparent",
                    },
                    undefined,
                  ],
                  Object {
                    "fontFamily": "Material Icons",
                    "fontStyle": "normal",
                    "fontWeight": "normal",
                  },
                  Object {},
                ]
              }
            >
              
            </Text>
          </View>
          <Text
            accessible={true}
            allowFontScaling={true}
            ellipsizeMode="tail"
            style={
              Object {
                "color": "#ffffff",
                "fontSize": 18,
                "height": 75,
                "justifyContent": "center",
                "margin": 20,
                "marginLeft": 0,
              }
            }
          >
            Upcoming Event: 
            TBA
          </Text>
        </View>
      </View>
    </View>
  </View>
  <View
    style={
      Object {
        "flexDirection": "row",
      }
    }
  >
    <View
      style={
        Object {
          "backgroundColor": "#5F7C80",
          "borderRadius": 5,
          "flex": 1,
          "height": 200,
          "margin": 15,
          "marginLeft": 10,
          "padding": 10,
        }
      }
    >
      <Text
        accessible={true}
        allowFontScaling={true}
        ellipsizeMode="tail"
        style={
          Object {
            "color": "#ffffff",
            "fontSize": 16,
            "marginBottom": 15,
            "textAlign": "center",
          }
        }
      >
        Steps
      </Text>
      <View>
        <View>
          <View
            style={
              Array [
                Object {
                  "alignItems": "center",
                  "justifyContent": "center",
                },
                Object {
                  "backgroundColor": "#ffffff",
                  "borderRadius": 70,
                  "height": 140,
                  "width": 140,
                },
              ]
            }
          >
            <View
              style={
                Array [
                  Object {
                    "left": 0,
                    "position": "absolute",
                    "top": 0,
                  },
                  Object {
                    "height": 140,
                    "width": 70,
                  },
                ]
              }
            >
              <View
                style={
                  Array [
                    Object {
                      "borderBottomRightRadius": 0,
                      "borderTopRightRadius": 0,
                      "left": 0,
                      "position": "absolute",
                      "top": 0,
                    },
                    Object {
                      "backgroundColor": "#e68a00",
                      "borderRadius": 70,
                      "height": 140,
                      "transform": Array [
                        Object {
                          "translateX": 35,
                        },
                        Object {
                          "rotate": "NaNdeg",
                        },
                        Object {
                          "translateX": -35,
                        },
                      ],
                      "width": 70,
                    },
                  ]
                }
              />
            </View>
            <View
              style={
                Array [
                  Object {
                    "left": 0,
                    "position": "absolute",
                    "top": 0,
                  },
                  Object {
                    "height": 140,
                    "width": 70,
                  },
                ]
              }
            >
              <View
                style={
                  Array [
                    Object {
                      "borderBottomRightRadius": 0,
                      "borderTopRightRadius": 0,
                      "left": 0,
                      "position": "absolute",
                      "top": 0,
                    },
                    Object {
                      "backgroundColor": "#ffffff",
                      "borderRadius": 70,
                      "height": 140,
                      "transform": Array [
                        Object {
                          "translateX": 35,
                        },
                        Object {
                          "rotate": "0deg",
                        },
                        Object {
                          "translateX": -35,
                        },
                      ],
                      "width": 70,
                    },
                  ]
                }
              />
            </View>
            <View
              style={
                Array [
                  Object {
                    "alignItems": "center",
                    "justifyContent": "center",
                    "overflow": "hidden",
                  },
                  Object {
                    "backgroundColor": "#333333",
                    "borderRadius": 55,
                    "height": 110,
                    "width": 110,
                  },
                ]
              }
            >
              <Text
                accessible={true}
                allowFontScaling={true}
                ellipsizeMode="tail"
                style={
                  Array [
                    Object {},
                    undefined,
                    undefined,
                    undefined,
                    undefined,
                    undefined,
                    undefined,
                    undefined,
                    undefined,
                    undefined,
                    Object {
                      "color": "#595959",
                      "fontSize": 30,
                      "fontWeight": "bold",
                    },
                  ]
                }
              >
                 
                0
                 
              </Text>
              <Text
                accessible={true}
                allowFontScaling={true}
                ellipsizeMode="tail"
                style={
                  Array [
                    Object {},
                    undefined,
                    undefined,
                    undefined,
                    undefined,
                    undefined,
                    undefined,
                    undefined,
                    undefined,
                    undefined,
                    Object {
                      "color": "#999999",
                      "fontSize": 18,
                    },
                  ]
                }
              >
                100%
              </Text>
            </View>
          </View>
        </View>
      </View>
    </View>
    <View
      style={
        Object {
          "backgroundColor": "#5F7C80",
          "borderRadius": 5,
          "flex": 1,
          "margin": 15,
          "marginRight": 10,
          "maxHeight": 200,
          "padding": 10,
        }
      }
    >
      <Text
        accessible={true}
        allowFontScaling={true}
        ellipsizeMode="tail"
        style={
          Object {
            "color": "#ffffff",
            "fontSize": 16,
            "textAlign": "center",
          }
        }
      >
        ToDo
      </Text>
      <View>
        <View>
          <View
            style={
              Array [
                Object {
                  "backgroundColor": "#ffffff",
                  "borderColor": "#bbb",
                  "borderTopWidth": 1,
                  "marginTop": 20,
                },
                Object {
                  "borderWidth": 1,
                  "marginBottom": 20,
                },
              ]
            }
          />
        </View>
      </View>
    </View>
  </View>
  <View>
    <View
      enabled={true}
      keyboardVerticalOffset={0}
      onLayout={[Function]}
    >
      <View
        style={
          Array [
            undefined,
            Object {
              "bottom": 0,
            },
          ]
        }
      >
        <Modal
          animationType="slide"
          hardwareAccelerated={false}
          onRequestClose={[Function]}
          presentationStyle="formSheet"
          transparent={false}
          visible={false}
        >
          <View>
            <View
              accessible={true}
              isTVSelectable={true}
              onResponderGrant={[Function]}
              onResponderMove={[Function]}
              onResponderRelease={[Function]}
              onResponderTerminate={[Function]}
              onResponderTerminationRequest={[Function]}
              onStartShouldSetResponder={[Function]}
              style={
                Object {
                  "position": "absolute",
                  "right": 2,
                  "top": "50%",
                }
              }
            >
              <View
                style={
                  Array [
                    Object {
                      "margin": 7,
                    },
                    Object {
                      "borderRadius": 34,
                      "height": 64,
                      "width": 64,
                    },
                    false,
                    Object {
                      "alignItems": "center",
                      "backgroundColor": "#cc0000",
                      "justifyContent": "center",
                    },
                    undefined,
                  ]
                }
                underlayColor="#cc0000"
              >
                <Text
                  accessible={true}
                  allowFontScaling={false}
                  ellipsizeMode="tail"
                  style={
                    Array [
                      Object {
                        "color": "white",
                        "fontSize": 30,
                      },
                      Array [
                        Object {
                          "backgroundColor": "transparent",
                        },
                        undefined,
                      ],
                      Object {
                        "fontFamily": "FontAwesome",
                        "fontStyle": "normal",
                        "fontWeight": "normal",
                      },
                      Object {},
                    ]
                  }
                >
                  
                </Text>
              </View>
            </View>
          </View>
        </Modal>
        <View
          accessible={true}
          isTVSelectable={true}
          onResponderGrant={[Function]}
          onResponderMove={[Function]}
          onResponderRelease={[Function]}
          onResponderTerminate={[Function]}
          onResponderTerminationRequest={[Function]}
          onStartShouldSetResponder={[Function]}
          style={null}
        >
          <View
            style={null}
          >
            <View
              style={
                Array [
                  Object {
                    "margin": 7,
                  },
                  Object {
                    "borderRadius": 44,
                    "height": 84,
                    "width": 84,
                  },
                  false,
                  Object {
                    "alignItems": "center",
                    "backgroundColor": "#5F7C80",
                    "justifyContent": "center",
                  },
                  undefined,
                ]
              }
              underlayColor="#5F7C80"
            >
              <Text
                accessible={true}
                allowFontScaling={false}
                ellipsizeMode="tail"
                style={
                  Array [
                    Object {
                      "color": "white",
                      "fontSize": 40,
                    },
                    Array [
                      Object {
                        "backgroundColor": "transparent",
                      },
                      undefined,
                    ],
                    Object {
                      "fontFamily": "FontAwesome",
                      "fontStyle": "normal",
                      "fontWeight": "normal",
                    },
                    Object {},
                  ]
                }
              >
                
              </Text>
            </View>
          </View>
        </View>
      </View>
    </View>
  </View>
</View>
`;

exports[`renders correctly 1`] = `
<View
  style={
    Object {
      "alignItems": "center",
      "backgroundColor": "#ffffff",
      "flex": 1,
      "flexDirection": "column",
      "height": "100%",
      "justifyContent": "space-between",
      "width": "100%",
    }
  }
>
  <Image
    source={1}
    style={
      Array [
        Object {
          "bottom": 0,
          "left": 0,
          "position": "absolute",
          "right": 0,
          "top": 0,
        },
        Object {
          "height": "100%",
          "width": "100%",
        },
        undefined,
      ]
    }
  />
  <View>
    <View
      style={
        Object {
          "backgroundColor": "#5F7C80",
          "borderRadius": 10,
          "borderWidth": 0,
          "height": 75,
          "margin": 8,
          "marginTop": 40,
          "width": "95%",
        }
      }
    >
      <Modal
        animationType="slide"
        hardwareAccelerated={false}
        onRequestClose={[Function]}
        presentationStyle="formSheet"
        transparent={false}
        visible={false}
      >
        <View
          style={
            Object {
              "alignItems": "center",
              "backgroundColor": "#ffffff",
              "flex": 1,
              "flexDirection": "column",
              "height": "100%",
              "justifyContent": "space-between",
              "width": "100%",
            }
          }
        >
          <Text
            accessible={true}
            allowFontScaling={true}
            ellipsizeMode="tail"
          >
            appointment info here
          </Text>
          <View
            accessible={true}
            isTVSelectable={true}
            onResponderGrant={[Function]}
            onResponderMove={[Function]}
            onResponderRelease={[Function]}
            onResponderTerminate={[Function]}
            onResponderTerminationRequest={[Function]}
            onStartShouldSetResponder={[Function]}
            style={
              Object {
                "alignItems": "center",
                "backgroundColor": "#cc0000",
                "borderRadius": 5,
                "borderWidth": 0,
                "bottom": 50,
                "height": 50,
                "justifyContent": "center",
                "margin": 10,
                "position": "absolute",
                "width": 200,
              }
            }
          >
            <Text
              accessible={true}
              allowFontScaling={true}
              ellipsizeMode="tail"
              style={
                Object {
                  "color": "#ffffff",
                  "fontSize": 18,
                }
              }
            >
              Close
            </Text>
          </View>
        </View>
      </Modal>
      <View
        accessible={true}
        isTVSelectable={true}
        onResponderGrant={[Function]}
        onResponderMove={[Function]}
        onResponderRelease={[Function]}
        onResponderTerminate={[Function]}
        onResponderTerminationRequest={[Function]}
        onStartShouldSetResponder={[Function]}
        style={null}
      >
        <View
          style={
            Object {
              "flexDirection": "row",
            }
          }
        >
          <View
            style={
              Array [
                Object {
                  "margin": 7,
                },
                Object {
                  "borderRadius": 28,
                  "height": 52,
                  "width": 52,
                },
                false,
                Object {
                  "alignItems": "center",
                  "backgroundColor": "#5F7C80",
                  "justifyContent": "center",
                },
                undefined,
              ]
            }
            underlayColor="#5F7C80"
          >
            <Text
              accessible={true}
              allowFontScaling={false}
              ellipsizeMode="tail"
              style={
                Array [
                  Object {
                    "color": "white",
                    "fontSize": 24,
                  },
                  Array [
                    Object {
                      "backgroundColor": "transparent",
                    },
                    undefined,
                  ],
                  Object {
                    "fontFamily": "Material Icons",
                    "fontStyle": "normal",
                    "fontWeight": "normal",
                  },
                  Object {},
                ]
              }
            >
              
            </Text>
          </View>
          <Text
            accessible={true}
            allowFontScaling={true}
            ellipsizeMode="tail"
            style={
              Object {
                "color": "#ffffff",
                "fontSize": 18,
                "height": 75,
                "justifyContent": "center",
                "margin": 20,
                "marginLeft": 0,
              }
            }
          >
            Upcoming Event: 
            TBA
          </Text>
        </View>
      </View>
    </View>
  </View>
  <View
    style={
      Object {
        "flexDirection": "row",
      }
    }
  >
    <View
      style={
        Object {
          "backgroundColor": "#5F7C80",
          "borderRadius": 5,
          "flex": 1,
          "height": 200,
          "margin": 15,
          "marginLeft": 10,
          "padding": 10,
        }
      }
    >
      <Text
        accessible={true}
        allowFontScaling={true}
        ellipsizeMode="tail"
        style={
          Object {
            "color": "#ffffff",
            "fontSize": 16,
            "marginBottom": 15,
            "textAlign": "center",
          }
        }
      >
        Steps
      </Text>
      <View>
        <View>
          <View
            style={
              Array [
                Object {
                  "alignItems": "center",
                  "justifyContent": "center",
                },
                Object {
                  "backgroundColor": "#ffffff",
                  "borderRadius": 70,
                  "height": 140,
                  "width": 140,
                },
              ]
            }
          >
            <View
              style={
                Array [
                  Object {
                    "left": 0,
                    "position": "absolute",
                    "top": 0,
                  },
                  Object {
                    "height": 140,
                    "width": 70,
                  },
                ]
              }
            >
              <View
                style={
                  Array [
                    Object {
                      "borderBottomRightRadius": 0,
                      "borderTopRightRadius": 0,
                      "left": 0,
                      "position": "absolute",
                      "top": 0,
                    },
                    Object {
                      "backgroundColor": "#e68a00",
                      "borderRadius": 70,
                      "height": 140,
                      "transform": Array [
                        Object {
                          "translateX": 35,
                        },
                        Object {
                          "rotate": "NaNdeg",
                        },
                        Object {
                          "translateX": -35,
                        },
                      ],
                      "width": 70,
                    },
                  ]
                }
              />
            </View>
            <View
              style={
                Array [
                  Object {
                    "left": 0,
                    "position": "absolute",
                    "top": 0,
                  },
                  Object {
                    "height": 140,
                    "width": 70,
                  },
                ]
              }
            >
              <View
                style={
                  Array [
                    Object {
                      "borderBottomRightRadius": 0,
                      "borderTopRightRadius": 0,
                      "left": 0,
                      "position": "absolute",
                      "top": 0,
                    },
                    Object {
                      "backgroundColor": "#ffffff",
                      "borderRadius": 70,
                      "height": 140,
                      "transform": Array [
                        Object {
                          "translateX": 35,
                        },
                        Object {
                          "rotate": "0deg",
                        },
                        Object {
                          "translateX": -35,
                        },
                      ],
                      "width": 70,
                    },
                  ]
                }
              />
            </View>
            <View
              style={
                Array [
                  Object {
                    "alignItems": "center",
                    "justifyContent": "center",
                    "overflow": "hidden",
                  },
                  Object {
                    "backgroundColor": "#333333",
                    "borderRadius": 55,
                    "height": 110,
                    "width": 110,
                  },
                ]
              }
            >
              <Text
                accessible={true}
                allowFontScaling={true}
                ellipsizeMode="tail"
                style={
                  Array [
                    Object {},
                    undefined,
                    undefined,
                    undefined,
                    undefined,
                    undefined,
                    undefined,
                    undefined,
                    undefined,
                    undefined,
                    Object {
                      "color": "#595959",
                      "fontSize": 30,
                      "fontWeight": "bold",
                    },
                  ]
                }
              >
                 
                0
                 
              </Text>
              <Text
                accessible={true}
                allowFontScaling={true}
                ellipsizeMode="tail"
                style={
                  Array [
                    Object {},
                    undefined,
                    undefined,
                    undefined,
                    undefined,
                    undefined,
                    undefined,
                    undefined,
                    undefined,
                    undefined,
                    Object {
                      "color": "#999999",
                      "fontSize": 18,
                    },
                  ]
                }
              >
                100%
              </Text>
            </View>
          </View>
        </View>
      </View>
    </View>
    <View
      style={
        Object {
          "backgroundColor": "#5F7C80",
          "borderRadius": 5,
          "flex": 1,
          "margin": 15,
          "marginRight": 10,
          "maxHeight": 200,
          "padding": 10,
        }
      }
    >
      <Text
        accessible={true}
        allowFontScaling={true}
        ellipsizeMode="tail"
        style={
          Object {
            "color": "#ffffff",
            "fontSize": 16,
            "textAlign": "center",
          }
        }
      >
        ToDo
      </Text>
      <View>
        <View>
          <View
            style={
              Array [
                Object {
                  "backgroundColor": "#ffffff",
                  "borderColor": "#bbb",
                  "borderTopWidth": 1,
                  "marginTop": 20,
                },
                Object {
                  "borderWidth": 1,
                  "marginBottom": 20,
                },
              ]
            }
          />
        </View>
      </View>
    </View>
  </View>
  <View>
    <View
      enabled={true}
      keyboardVerticalOffset={0}
      onLayout={[Function]}
    >
      <View
        style={
          Array [
            undefined,
            Object {
              "bottom": 0,
            },
          ]
        }
      >
        <Modal
          animationType="slide"
          hardwareAccelerated={false}
          onRequestClose={[Function]}
          presentationStyle="formSheet"
          transparent={false}
          visible={false}
        >
          <View>
            <View
              accessible={true}
              isTVSelectable={true}
              onResponderGrant={[Function]}
              onResponderMove={[Function]}
              onResponderRelease={[Function]}
              onResponderTerminate={[Function]}
              onResponderTerminationRequest={[Function]}
              onStartShouldSetResponder={[Function]}
              style={
                Object {
                  "position": "absolute",
                  "right": 2,
                  "top": "50%",
                }
              }
            >
              <View
                style={
                  Array [
                    Object {
                      "margin": 7,
                    },
                    Object {
                      "borderRadius": 34,
                      "height": 64,
                      "width": 64,
                    },
                    false,
                    Object {
                      "alignItems": "center",
                      "backgroundColor": "#cc0000",
                      "justifyContent": "center",
                    },
                    undefined,
                  ]
                }
                underlayColor="#cc0000"
              >
                <Text
                  accessible={true}
                  allowFontScaling={false}
                  ellipsizeMode="tail"
                  style={
                    Array [
                      Object {
                        "color": "white",
                        "fontSize": 30,
                      },
                      Array [
                        Object {
                          "backgroundColor": "transparent",
                        },
                        undefined,
                      ],
                      Object {
                        "fontFamily": "FontAwesome",
                        "fontStyle": "normal",
                        "fontWeight": "normal",
                      },
                      Object {},
                    ]
                  }
                >
                  
                </Text>
              </View>
            </View>
          </View>
        </Modal>
        <View
          accessible={true}
          isTVSelectable={true}
          onResponderGrant={[Function]}
          onResponderMove={[Function]}
          onResponderRelease={[Function]}
          onResponderTerminate={[Function]}
          onResponderTerminationRequest={[Function]}
          onStartShouldSetResponder={[Function]}
          style={null}
        >
          <View
            style={null}
          >
            <View
              style={
                Array [
                  Object {
                    "margin": 7,
                  },
                  Object {
                    "borderRadius": 44,
                    "height": 84,
                    "width": 84,
                  },
                  false,
                  Object {
                    "alignItems": "center",
                    "backgroundColor": "#5F7C80",
                    "justifyContent": "center",
                  },
                  undefined,
                ]
              }
              underlayColor="#5F7C80"
            >
              <Text
                accessible={true}
                allowFontScaling={false}
                ellipsizeMode="tail"
                style={
                  Array [
                    Object {
                      "color": "white",
                      "fontSize": 40,
                    },
                    Array [
                      Object {
                        "backgroundColor": "transparent",
                      },
                      undefined,
                    ],
                    Object {
                      "fontFamily": "FontAwesome",
                      "fontStyle": "normal",
                      "fontWeight": "normal",
                    },
                    Object {},
                  ]
                }
              >
                
              </Text>
            </View>
          </View>
        </View>
      </View>
    </View>
  </View>
</View>
`;
