// Jest Snapshot v1, https://goo.gl/fbAQLP

exports[`ProfileScreen snapshot renders the Profile screen 1`] = `
<View
  enabled={true}
  keyboardVerticalOffset={10}
  onLayout={[Function]}
>
  <View
    style={
      Array [
        undefined,
        Object {
          "bottom": 0,
        },
      ]
    }
  />
</View>
`;
