// Jest Snapshot v1, https://goo.gl/fbAQLP

exports[`ProfileScreen snapshot renders the profile screen 1`] = `null`;

exports[`renders button with passed props 1`] = `
<View
  enabled={true}
  keyboardVerticalOffset={0}
  onLayout={[Function]}
>
  <View
    style={
      Array [
        undefined,
        Object {
          "bottom": 0,
        },
      ]
    }
  />
</View>
`;

exports[`renders correctly 1`] = `
<View
  enabled={true}
  keyboardVerticalOffset={0}
  onLayout={[Function]}
>
  <View
    style={
      Array [
        undefined,
        Object {
          "bottom": 0,
        },
      ]
    }
  />
</View>
`;
